........................................................................ [ 80%]
.................                                                        [100%]
89 passed in 4.47s
